|9| |3| |8| | | | |
| |6| |1| | |7|3| |
| | | | | | | | |4|
| | | |4| | | | |6|
| | |8| |1| |5|4| |
| |5| | | | | | |2|
| |7| |3| | |1|5| |
| | |6| | |7| | | |
| | | | | | |2| | |

|9|4|3|7|8|5|6|2|1|
|8|6|2|1|4|9|7|3|5|
|5|1|7|2|3|6|9|8|4|
|3|9|1|4|5|2|8|7|6|
|7|2|8|6|1|3|5|4|9|
|6|5|4|9|7|8|3|1|2|
|2|7|9|3|6|4|1|5|8|
|1|8|6|5|2|7|4|9|3|
|4|3|5|8|9|1|2|6|7|

0
